{
  "metadata": {
    "hostname": "tyrannosaurusplex",
    "collection_time": "2025-08-04T21:10:16-07:00",
    "script_version": "1.0.0",
    "format_version": "1.0"
  },
  "system": {
    "hostnamectl": " Static hostname: tyrannosaurusplex\n       Icon name: computer-desktop\n         Chassis: desktop üñ•Ô∏è\n      Machine ID: c63bfef3b1e3402885014e55d38595dc\n         Boot ID: 96c575cb57b3456c92762f8928c56375\n    Product UUID: c8229db2-d240-4854-af2b-a8a159c21570\nOperating System: Arch Linux\n          Kernel: Linux 6.15.9-arch1-1\n    Architecture: x86-64\n Hardware Vendor: ASRockRack\n  Hardware Model: W480D4U\n Hardware Serial: To Be Filled By O.E.M.\nFirmware Version: P2.20\n   Firmware Date: Thu 2024-06-27\n    Firmware Age: 1y 1month 1w 1d\n",
    "uname": "Linux tyrannosaurusplex 6.15.9-arch1-1 #1 SMP PREEMPT_DYNAMIC Sat, 02 Aug 2025 01:20:06 +0000 x86_64 GNU/Linux\n",
    "uptime": " 21:10:14 up  6:36,  1 user,  load average: 0.27, 0.10, 0.08\n"
  },
  "hardware": {
    "cpu": "Architecture:                            x86_64\nCPU op-mode(s):                          32-bit, 64-bit\nAddress sizes:                           39 bits physical, 48 bits virtual\nByte Order:                              Little Endian\nCPU(s):                                  16\nOn-line CPU(s) list:                     0-15\nVendor ID:                               GenuineIntel\nModel name:                              Intel(R) Xeon(R) W-1270 CPU @ 3.40GHz\nCPU family:                              6\nModel:                                   165\nThread(s) per core:                      2\nCore(s) per socket:                      8\nSocket(s):                               1\nStepping:                                5\nCPU(s) scaling MHz:                      46%\nCPU max MHz:                             5000.0000\nCPU min MHz:                             800.0000\nBogoMIPS:                                6799.81\nFlags:                                   fpu vme de pse tsc msr pae mce cx8 apic sep mtrr pge mca cmov pat pse36 clflush dts acpi mmx fxsr sse sse2 ss ht tm pbe syscall nx pdpe1gb rdtscp lm constant_tsc art arch_perfmon pebs bts rep_good nopl xtopology nonstop_tsc cpuid aperfmperf pni pclmulqdq dtes64 monitor ds_cpl vmx smx est tm2 ssse3 sdbg fma cx16 xtpr pdcm pcid sse4_1 sse4_2 x2apic movbe popcnt tsc_deadline_timer aes xsave avx f16c rdrand lahf_lm abm 3dnowprefetch cpuid_fault epb ssbd ibrs ibpb stibp ibrs_enhanced tpr_shadow flexpriority ept vpid ept_ad fsgsbase tsc_adjust bmi1 avx2 smep bmi2 erms invpcid mpx rdseed adx smap clflushopt intel_pt xsaveopt xsavec xgetbv1 xsaves dtherm ida arat pln pts hwp hwp_notify hwp_act_window hwp_epp vnmi pku ospke md_clear flush_l1d arch_capabilities\nVirtualization:                          VT-x\nL1d cache:                               256 KiB (8 instances)\nL1i cache:                               256 KiB (8 instances)\nL2 cache:                                2 MiB (8 instances)\nL3 cache:                                16 MiB (1 instance)\nNUMA node(s):                            1\nNUMA node0 CPU(s):                       0-15\nVulnerability Gather data sampling:      Vulnerable: No microcode\nVulnerability Ghostwrite:                Not affected\nVulnerability Indirect target selection: Mitigation; Aligned branch/return thunks\nVulnerability Itlb multihit:             KVM: Mitigation: Split huge pages\nVulnerability L1tf:                      Not affected\nVulnerability Mds:                       Not affected\nVulnerability Meltdown:                  Not affected\nVulnerability Mmio stale data:           Vulnerable: Clear CPU buffers attempted, no microcode; SMT vulnerable\nVulnerability Reg file data sampling:    Not affected\nVulnerability Retbleed:                  Mitigation; Enhanced IBRS\nVulnerability Spec rstack overflow:      Not affected\nVulnerability Spec store bypass:         Mitigation; Speculative Store Bypass disabled via prctl\nVulnerability Spectre v1:                Mitigation; usercopy/swapgs barriers and __user pointer sanitization\nVulnerability Spectre v2:                Mitigation; Enhanced / Automatic IBRS; IBPB conditional; PBRSB-eIBRS SW sequence; BHI SW loop, KVM SW loop\nVulnerability Srbds:                     Vulnerable: No microcode\nVulnerability Tsa:                       Not affected\nVulnerability Tsx async abort:           Not affected\n",
    "memory": "               total        used        free      shared  buff/cache   available\nMem:            62Gi       2.1Gi        52Gi       5.4Mi       8.3Gi        60Gi\nSwap:             0B          0B          0B\n",
    "pci": "00:00.0 Host bridge: Intel Corporation 10th Gen Core Processor Host Bridge/DRAM Registers (rev 05)\n00:01.0 PCI bridge: Intel Corporation 6th-10th Gen Core Processor PCIe Controller (x16) (rev 05)\n00:02.0 VGA compatible controller: Intel Corporation Comet Lake-S GT2 [UHD Graphics P630] (rev 05)\n00:08.0 System peripheral: Intel Corporation Xeon E3-1200 v5/v6 / E3-1500 v5 / 6th/7th/8th Gen Core Processor Gaussian Mixture Model\n00:12.0 Signal processing controller: Intel Corporation Comet Lake PCH Thermal Controller\n00:14.0 USB controller: Intel Corporation Comet Lake USB 3.1 xHCI Host Controller\n00:14.2 RAM memory: Intel Corporation Comet Lake PCH Shared SRAM\n00:16.0 Communication controller: Intel Corporation Comet Lake HECI Controller\n00:17.0 SATA controller: Intel Corporation Comet Lake SATA AHCI Controller\n00:1b.0 PCI bridge: Intel Corporation Comet Lake PCI Express Root Port #17 (rev f0)\n00:1b.4 PCI bridge: Intel Corporation Comet Lake PCI Express Root Port #21 (rev f0)\n00:1c.0 PCI bridge: Intel Corporation Comet Lake PCIe Root Port #1 (rev f0)\n00:1c.2 PCI bridge: Intel Corporation Comet Lake PCI Express Root Port #1 (rev f0)\n00:1c.3 PCI bridge: Intel Corporation Comet Lake PCI Express Root Port #4 (rev f0)\n00:1d.0 PCI bridge: Intel Corporation Comet Lake PCI Express Root Port #9 (rev f0)\n00:1f.0 ISA bridge: Intel Corporation Device 0697\n00:1f.3 Audio device: Intel Corporation Comet Lake PCH cAVS\n00:1f.4 SMBus: Intel Corporation Comet Lake PCH SMBus Controller\n00:1f.5 Serial bus controller: Intel Corporation Comet Lake PCH SPI Controller\n01:00.0 VGA compatible controller: NVIDIA Corporation GP107GL [Quadro P1000] (rev a1)\n01:00.1 Audio device: NVIDIA Corporation GP107GL High Definition Audio Controller (rev a1)\n03:00.0 Non-Volatile memory controller: Sandisk Corp SanDisk Extreme Pro / WD Black SN750 / PC SN730 / Red SN700 NVMe SSD\n04:00.0 PCI bridge: ASPEED Technology, Inc. AST1150 PCI-to-PCI Bridge (rev 04)\n05:00.0 VGA compatible controller: ASPEED Technology, Inc. ASPEED Graphics Family (rev 41)\n06:00.0 Ethernet controller: Intel Corporation I210 Gigabit Network Connection (rev 03)\n07:00.0 Ethernet controller: Intel Corporation I210 Gigabit Network Connection (rev 03)\n"
  },
  "storage": {
    "filesystems": "Filesystem           Size  Used Avail Use% Mounted on\ndev                   32G     0   32G   0% /dev\nrun                   32G  1.7M   32G   1% /run\nefivarfs             192K   36K  152K  19% /sys/firmware/efi/efivars\n/dev/nvme0n1p2       466G  110G  348G  24% /\ntmpfs                 32G     0   32G   0% /dev/shm\ntmpfs                1.0M     0  1.0M   0% /run/credentials/systemd-journald.service\ntmpfs                 32G  432K   32G   1% /tmp\n/dev/nvme0n1p1       511M   68M  444M  14% /boot\n0:1:2:3:4:5:6         99T   61T   39T  62% /var/store/media\n/dev/sda             466G  244G  223G  53% /cache\ntmpfs                1.0M     0  1.0M   0% /run/credentials/systemd-networkd.service\ntmpfs                1.0M     0  1.0M   0% /run/credentials/systemd-resolved.service\n/dev/sdd              17T  7.4T  9.1T  45% /mnt/pool/18_5\n/dev/sdc              17T  7.4T  9.1T  45% /mnt/pool/18_6\n/dev/sdb              17T   12T  4.7T  72% /mnt/pool/18_4\n/dev/sdg              17T   12T  5.1T  70% /mnt/pool/18_3\n/dev/sdh              17T   12T  5.2T  69% /mnt/pool/18_2\n/dev/sdf              17T   12T  5.1T  70% /mnt/pool/18_0\n//diskstation/share  9.0T  6.9T  2.2T  77% /var/store/diskstation\ntmpfs                1.0M     0  1.0M   0% /run/credentials/getty@tty1.service\ntmpfs                6.3G  4.0K  6.3G   1% /run/user/1000\n",
    "block_devices": "NAME        MAJ:MIN RM   SIZE RO TYPE MOUNTPOINTS\nsda           8:0    0 465.8G  0 disk /cache\nsdb           8:16   0  16.4T  0 disk /mnt/pool/18_4\nsdc           8:32   0  16.4T  0 disk /mnt/pool/18_6\nsdd           8:48   0  16.4T  0 disk /mnt/pool/18_5\nsde           8:64   0  16.4T  0 disk \nsdf           8:80   0  16.4T  0 disk /mnt/pool/18_0\nsdg           8:96   0  16.4T  0 disk /mnt/pool/18_3\nsdh           8:112  0  16.4T  0 disk /mnt/pool/18_2\nnvme0n1     259:0    0 465.8G  0 disk \n‚îú‚îÄnvme0n1p1 259:1    0   512M  0 part /boot\n‚îî‚îÄnvme0n1p2 259:2    0 465.3G  0 part /var/lib/docker/btrfs\n                                      /\n",
    "mounts": "proc on /proc type proc (rw,nosuid,nodev,noexec,relatime)\nsys on /sys type sysfs (rw,nosuid,nodev,noexec,relatime)\ndev on /dev type devtmpfs (rw,nosuid,relatime,size=32707964k,nr_inodes=8176991,mode=755,inode64)\nrun on /run type tmpfs (rw,nosuid,nodev,relatime,mode=755,inode64)\nefivarfs on /sys/firmware/efi/efivars type efivarfs (rw,nosuid,nodev,noexec,relatime)\n/dev/nvme0n1p2 on / type btrfs (rw,relatime,ssd,discard=async,space_cache,subvolid=5,subvol=/)\nsecurityfs on /sys/kernel/security type securityfs (rw,nosuid,nodev,noexec,relatime)\ntmpfs on /dev/shm type tmpfs (rw,nosuid,nodev,inode64)\ndevpts on /dev/pts type devpts (rw,nosuid,noexec,relatime,gid=5,mode=620,ptmxmode=000)\ncgroup2 on /sys/fs/cgroup type cgroup2 (rw,nosuid,nodev,noexec,relatime,nsdelegate,memory_recursiveprot)\nnone on /sys/fs/pstore type pstore (rw,nosuid,nodev,noexec,relatime)\nbpf on /sys/fs/bpf type bpf (rw,nosuid,nodev,noexec,relatime,mode=700)\nsystemd-1 on /proc/sys/fs/binfmt_misc type autofs (rw,relatime,fd=41,pgrp=1,timeout=0,minproto=5,maxproto=5,direct,pipe_ino=3796)\nhugetlbfs on /dev/hugepages type hugetlbfs (rw,nosuid,nodev,relatime,pagesize=2M)\nmqueue on /dev/mqueue type mqueue (rw,nosuid,nodev,noexec,relatime)\ndebugfs on /sys/kernel/debug type debugfs (rw,nosuid,nodev,noexec,relatime)\ntracefs on /sys/kernel/tracing type tracefs (rw,nosuid,nodev,noexec,relatime)\ntmpfs on /run/credentials/systemd-journald.service type tmpfs (ro,nosuid,nodev,noexec,relatime,nosymfollow,size=1024k,nr_inodes=1024,mode=700,inode64,noswap)\nfusectl on /sys/fs/fuse/connections type fusectl (rw,nosuid,nodev,noexec,relatime)\nconfigfs on /sys/kernel/config type configfs (rw,nosuid,nodev,noexec,relatime)\ntmpfs on /tmp type tmpfs (rw,noatime,inode64)\n/dev/nvme0n1p1 on /boot type vfat (rw,relatime,fmask=0022,dmask=0022,codepage=437,iocharset=ascii,shortname=mixed,utf8,errors=remount-ro)\n0:1:2:3:4:5:6 on /var/store/media type fuse.mergerfs (rw,relatime,user_id=0,group_id=0,default_permissions,allow_other)\n/dev/sda on /cache type btrfs (rw,noatime,ssd,discard=async,space_cache=v2,subvolid=5,subvol=/)\ntmpfs on /run/credentials/systemd-networkd.service type tmpfs (ro,nosuid,nodev,noexec,relatime,nosymfollow,size=1024k,nr_inodes=1024,mode=700,inode64,noswap)\ntmpfs on /run/credentials/systemd-resolved.service type tmpfs (ro,nosuid,nodev,noexec,relatime,nosymfollow,size=1024k,nr_inodes=1024,mode=700,inode64,noswap)\n/dev/sdd on /mnt/pool/18_5 type btrfs (rw,noatime,space_cache=v2,subvolid=5,subvol=/)\n/dev/sdc on /mnt/pool/18_6 type btrfs (rw,noatime,space_cache=v2,subvolid=5,subvol=/)\n/dev/sdb on /mnt/pool/18_4 type btrfs (rw,noatime,space_cache=v2,subvolid=5,subvol=/)\n/dev/sdg on /mnt/pool/18_3 type btrfs (rw,noatime,space_cache=v2,subvolid=5,subvol=/)\n/dev/sdh on /mnt/pool/18_2 type btrfs (rw,noatime,space_cache=v2,subvolid=5,subvol=/)\n/dev/sdf on /mnt/pool/18_0 type btrfs (rw,noatime,space_cache=v2,subvolid=5,subvol=/)\n//diskstation/share on /var/store/diskstation type cifs (rw,relatime,vers=3.1.1,cache=strict,upcall_target=app,username=admin,uid=1000,forceuid,gid=1000,forcegid,addr=192.168.1.3,file_mode=0755,dir_mode=0755,soft,nounix,serverino,mapposix,reparse=nfs,nativesocket,symlink=native,rsize=4194304,wsize=4194304,bsize=1048576,retrans=1,echo_interval=60,actimeo=1,closetimeo=1)\ntmpfs on /run/credentials/getty@tty1.service type tmpfs (ro,nosuid,nodev,noexec,relatime,nosymfollow,size=1024k,nr_inodes=1024,mode=700,inode64,noswap)\ntmpfs on /run/user/1000 type tmpfs (rw,nosuid,nodev,relatime,size=6544008k,nr_inodes=1636002,mode=700,uid=1000,gid=1000,inode64)\n/dev/nvme0n1p2 on /var/lib/docker/btrfs type btrfs (rw,relatime,ssd,discard=async,space_cache,subvolid=5,subvol=/)\nnsfs on /run/docker/netns/d11b0d1763ca type nsfs (rw)\nnsfs on /run/docker/netns/default type nsfs (rw)\nnsfs on /run/docker/netns/089a15a7051f type nsfs (rw)\nnsfs on /run/docker/netns/ac0840c8f90d type nsfs (rw)\nnsfs on /run/docker/netns/71bac52ec6b8 type nsfs (rw)\n",
    "smart_data": "\n=== SMART Data for /dev/sda ===\nsmartctl 7.5 2025-04-30 r5714 [x86_64-linux-6.15.9-arch1-1] (local build)\nCopyright (C) 2002-25, Bruce Allen, Christian Franke, www.smartmontools.org\n\n=== START OF INFORMATION SECTION ===\nModel Family:     Samsung based SSDs\nDevice Model:     Samsung SSD 850 EVO 500GB\nSerial Number:    S3PTNF0JB64511M\nLU WWN Device Id: 5 002538 d42707af7\nFirmware Version: EMT03B6Q\nUser Capacity:    500,107,862,016 bytes [500 GB]\nSector Size:      512 bytes logical/physical\nRotation Rate:    Solid State Device\nForm Factor:      2.5 inches\nTRIM Command:     Available\nDevice is:        In smartctl database 7.5/5706\nATA Version is:   ACS-2, ATA8-ACS T13/1699-D revision 4c\nSATA Version is:  SATA 3.1, 6.0 Gb/s (current: 6.0 Gb/s)\nLocal Time is:    Mon Aug  4 21:10:14 2025 PDT\nSMART support is: Available - device has SMART capability.\nSMART support is: Enabled\n\n=== START OF READ SMART DATA SECTION ===\nSMART overall-health self-assessment test result: PASSED\n\nGeneral SMART Values:\nOffline data collection status:  (0x00)\tOffline data collection activity\n\t\t\t\t\twas never started.\n\t\t\t\t\tAuto Offline Data Collection: Disabled.\nSelf-test execution status:      (   0)\tThe previous self-test routine completed\n\t\t\t\t\twithout error or no self-test has ever \n\t\t\t\t\tbeen run.\nTotal time to complete Offline \ndata collection: \t\t(    0) seconds.\nOffline data collection\ncapabilities: \t\t\t (0x53) SMART execute Offline immediate.\n\t\t\t\t\tAuto Offline data collection on/off support.\n\t\t\t\t\tSuspend Offline collection upon new\n\t\t\t\t\tcommand.\n\t\t\t\t\tNo Offline surface scan supported.\n\t\t\t\t\tSelf-test supported.\n\t\t\t\t\tNo Conveyance Self-test supported.\n\t\t\t\t\tSelective Self-test supported.\nSMART capabilities:            (0x0003)\tSaves SMART data before entering\n\t\t\t\t\tpower-saving mode.\n\t\t\t\t\tSupports SMART auto save timer.\nError logging capability:        (0x01)\tError logging supported.\n\t\t\t\t\tGeneral Purpose Logging supported.\nShort self-test routine \nrecommended polling time: \t (   2) minutes.\nExtended self-test routine\nrecommended polling time: \t ( 265) minutes.\nSCT capabilities: \t       (0x003d)\tSCT Status supported.\n\t\t\t\t\tSCT Error Recovery Control supported.\n\t\t\t\t\tSCT Feature Control supported.\n\t\t\t\t\tSCT Data Table supported.\n\nSMART Attributes Data Structure revision number: 1\nVendor Specific SMART Attributes with Thresholds:\nID# ATTRIBUTE_NAME          FLAG     VALUE WORST THRESH TYPE      UPDATED  WHEN_FAILED RAW_VALUE\n  5 Reallocated_Sector_Ct   0x0033   100   100   010    Pre-fail  Always       -       0\n  9 Power_On_Hours          0x0032   086   086   000    Old_age   Always       -       66246\n 12 Power_Cycle_Count       0x0032   099   099   000    Old_age   Always       -       259\n177 Wear_Leveling_Count     0x0013   078   078   000    Pre-fail  Always       -       450\n179 Used_Rsvd_Blk_Cnt_Tot   0x0013   100   100   010    Pre-fail  Always       -       0\n181 Program_Fail_Cnt_Total  0x0032   100   100   010    Old_age   Always       -       0\n182 Erase_Fail_Count_Total  0x0032   100   100   010    Old_age   Always       -       0\n183 Runtime_Bad_Block       0x0013   100   100   010    Pre-fail  Always       -       0\n187 Uncorrectable_Error_Cnt 0x0032   100   100   000    Old_age   Always       -       0\n190 Airflow_Temperature_Cel 0x0032   063   035   000    Old_age   Always       -       37\n195 ECC_Error_Rate          0x001a   200   200   000    Old_age   Always       -       0\n199 CRC_Error_Count         0x003e   100   100   000    Old_age   Always       -       0\n235 POR_Recovery_Count      0x0012   099   099   000    Old_age   Always       -       163\n241 Total_LBAs_Written      0x0032   099   099   000    Old_age   Always       -       301876696666\n\nSMART Error Log Version: 1\nNo Errors Logged\n\nSMART Self-test log structure revision number 1\nNo self-tests have been logged.  [To run self-tests, use: smartctl -t]\n\nSMART Selective self-test log data structure revision number 1\n SPAN  MIN_LBA  MAX_LBA  CURRENT_TEST_STATUS\n    1        0        0  Not_testing\n    2        0        0  Not_testing\n    3        0        0  Not_testing\n    4        0        0  Not_testing\n    5        0        0  Not_testing\n  255        0    65535  Read_scanning was never started\nSelective self-test flags (0x0):\n  After scanning selected spans, do NOT read-scan remainder of disk.\nIf Selective self-test is pending on power-up, resume after 0 minute delay.\n\nThe above only provides legacy SMART information - try 'smartctl -x' for more\n\n=== SMART Data for /dev/sdb ===\nsmartctl 7.5 2025-04-30 r5714 [x86_64-linux-6.15.9-arch1-1] (local build)\nCopyright (C) 2002-25, Bruce Allen, Christian Franke, www.smartmontools.org\n\n=== START OF INFORMATION SECTION ===\nModel Family:     Seagate Exos X18\nDevice Model:     ST18000NM000J-2TV103\nSerial Number:    ZR5FNVPL\nLU WWN Device Id: 5 000c50 0e94f4869\nFirmware Version: SN04\nUser Capacity:    18,000,207,937,536 bytes [18.0 TB]\nSector Sizes:     512 bytes logical, 4096 bytes physical\nRotation Rate:    7200 rpm\nForm Factor:      3.5 inches\nDevice is:        In smartctl database 7.5/5706\nATA Version is:   ACS-4 (minor revision not indicated)\nSATA Version is:  SATA 3.3, 6.0 Gb/s (current: 6.0 Gb/s)\nLocal Time is:    Mon Aug  4 21:10:14 2025 PDT\nSMART support is: Available - device has SMART capability.\nSMART support is: Enabled\n\n=== START OF READ SMART DATA SECTION ===\nSMART overall-health self-assessment test result: PASSED\n\nGeneral SMART Values:\nOffline data collection status:  (0x82)\tOffline data collection activity\n\t\t\t\t\twas completed without error.\n\t\t\t\t\tAuto Offline Data Collection: Enabled.\nSelf-test execution status:      (   0)\tThe previous self-test routine completed\n\t\t\t\t\twithout error or no self-test has ever \n\t\t\t\t\tbeen run.\nTotal time to complete Offline \ndata collection: \t\t(  567) seconds.\nOffline data collection\ncapabilities: \t\t\t (0x7b) SMART execute Offline immediate.\n\t\t\t\t\tAuto Offline data collection on/off support.\n\t\t\t\t\tSuspend Offline collection upon new\n\t\t\t\t\tcommand.\n\t\t\t\t\tOffline surface scan supported.\n\t\t\t\t\tSelf-test supported.\n\t\t\t\t\tConveyance Self-test supported.\n\t\t\t\t\tSelective Self-test supported.\nSMART capabilities:            (0x0003)\tSaves SMART data before entering\n\t\t\t\t\tpower-saving mode.\n\t\t\t\t\tSupports SMART auto save timer.\nError logging capability:        (0x01)\tError logging supported.\n\t\t\t\t\tGeneral Purpose Logging supported.\nShort self-test routine \nrecommended polling time: \t (   1) minutes.\nExtended self-test routine\nrecommended polling time: \t (1555) minutes.\nConveyance self-test routine\nrecommended polling time: \t (   2) minutes.\nSCT capabilities: \t       (0x70bd)\tSCT Status supported.\n\t\t\t\t\tSCT Error Recovery Control supported.\n\t\t\t\t\tSCT Feature Control supported.\n\t\t\t\t\tSCT Data Table supported.\n\nSMART Attributes Data Structure revision number: 10\nVendor Specific SMART Attributes with Thresholds:\nID# ATTRIBUTE_NAME          FLAG     VALUE WORST THRESH TYPE      UPDATED  WHEN_FAILED RAW_VALUE\n  1 Raw_Read_Error_Rate     0x000f   081   070   044    Pre-fail  Always       -       0/131215870\n  3 Spin_Up_Time            0x0003   092   091   000    Pre-fail  Always       -       0\n  4 Start_Stop_Count        0x0032   100   100   020    Old_age   Always       -       31\n  5 Reallocated_Sector_Ct   0x0033   100   100   010    Pre-fail  Always       -       0\n  7 Seek_Error_Rate         0x000f   071   060   045    Pre-fail  Always       -       0/12349545\n  9 Power_On_Hours          0x0032   094   094   000    Old_age   Always       -       5917\n 10 Spin_Retry_Count        0x0013   100   100   097    Pre-fail  Always       -       0\n 12 Power_Cycle_Count       0x0032   100   100   020    Old_age   Always       -       31\n 18 Head_Health             0x000b   100   100   050    Pre-fail  Always       -       0\n187 Reported_Uncorrect      0x0032   100   100   000    Old_age   Always       -       0\n188 Command_Timeout         0x0032   100   100   000    Old_age   Always       -       0 0 0\n190 Airflow_Temperature_Cel 0x0022   058   050   000    Old_age   Always       -       42 (Min/Max 39/46)\n192 Power-Off_Retract_Count 0x0032   100   100   000    Old_age   Always       -       8\n193 Load_Cycle_Count        0x0032   095   095   000    Old_age   Always       -       11770\n194 Temperature_Celsius     0x0022   042   050   000    Old_age   Always       -       42 (0 22 0 0 0)\n197 Current_Pending_Sector  0x0012   100   100   000    Old_age   Always       -       0\n198 Offline_Uncorrectable   0x0010   100   100   000    Old_age   Offline      -       0\n199 UDMA_CRC_Error_Count    0x003e   200   200   000    Old_age   Always       -       0\n200 Pressure_Limit          0x0023   100   100   001    Pre-fail  Always       -       0\n240 Head_Flying_Hours       0x0000   100   100   000    Old_age   Offline      -       61h+57m+42.371s\n241 Total_LBAs_Written      0x0000   100   253   000    Old_age   Offline      -       25138954952\n242 Total_LBAs_Read         0x0000   100   253   000    Old_age   Offline      -       1106032\n\nSMART Error Log Version: 1\nNo Errors Logged\n\nSMART Self-test log structure revision number 1\nNo self-tests have been logged.  [To run self-tests, use: smartctl -t]\n\nSMART Selective self-test log data structure revision number 1\n SPAN  MIN_LBA  MAX_LBA  CURRENT_TEST_STATUS\n    1        0        0  Not_testing\n    2        0        0  Not_testing\n    3        0        0  Not_testing\n    4        0        0  Not_testing\n    5        0        0  Not_testing\nSelective self-test flags (0x0):\n  After scanning selected spans, do NOT read-scan remainder of disk.\nIf Selective self-test is pending on power-up, resume after 0 minute delay.\n\nThe above only provides legacy SMART information - try 'smartctl -x' for more\n\n=== SMART Data for /dev/sdc ===\nsmartctl 7.5 2025-04-30 r5714 [x86_64-linux-6.15.9-arch1-1] (local build)\nCopyright (C) 2002-25, Bruce Allen, Christian Franke, www.smartmontools.org\n\n=== START OF INFORMATION SECTION ===\nModel Family:     Seagate Exos X18\nDevice Model:     ST18000NM000J-2TV103\nSerial Number:    ZR5FN33H\nLU WWN Device Id: 5 000c50 0e9466e10\nFirmware Version: SN04\nUser Capacity:    18,000,207,937,536 bytes [18.0 TB]\nSector Sizes:     512 bytes logical, 4096 bytes physical\nRotation Rate:    7200 rpm\nForm Factor:      3.5 inches\nDevice is:        In smartctl database 7.5/5706\nATA Version is:   ACS-4 (minor revision not indicated)\nSATA Version is:  SATA 3.3, 6.0 Gb/s (current: 6.0 Gb/s)\nLocal Time is:    Mon Aug  4 21:10:14 2025 PDT\nSMART support is: Available - device has SMART capability.\nSMART support is: Enabled\n\n=== START OF READ SMART DATA SECTION ===\nSMART overall-health self-assessment test result: PASSED\n\nGeneral SMART Values:\nOffline data collection status:  (0x82)\tOffline data collection activity\n\t\t\t\t\twas completed without error.\n\t\t\t\t\tAuto Offline Data Collection: Enabled.\nSelf-test execution status:      (   0)\tThe previous self-test routine completed\n\t\t\t\t\twithout error or no self-test has ever \n\t\t\t\t\tbeen run.\nTotal time to complete Offline \ndata collection: \t\t(  567) seconds.\nOffline data collection\ncapabilities: \t\t\t (0x7b) SMART execute Offline immediate.\n\t\t\t\t\tAuto Offline data collection on/off support.\n\t\t\t\t\tSuspend Offline collection upon new\n\t\t\t\t\tcommand.\n\t\t\t\t\tOffline surface scan supported.\n\t\t\t\t\tSelf-test supported.\n\t\t\t\t\tConveyance Self-test supported.\n\t\t\t\t\tSelective Self-test supported.\nSMART capabilities:            (0x0003)\tSaves SMART data before entering\n\t\t\t\t\tpower-saving mode.\n\t\t\t\t\tSupports SMART auto save timer.\nError logging capability:        (0x01)\tError logging supported.\n\t\t\t\t\tGeneral Purpose Logging supported.\nShort self-test routine \nrecommended polling time: \t (   1) minutes.\nExtended self-test routine\nrecommended polling time: \t (1545) minutes.\nConveyance self-test routine\nrecommended polling time: \t (   2) minutes.\nSCT capabilities: \t       (0x70bd)\tSCT Status supported.\n\t\t\t\t\tSCT Error Recovery Control supported.\n\t\t\t\t\tSCT Feature Control supported.\n\t\t\t\t\tSCT Data Table supported.\n\nSMART Attributes Data Structure revision number: 10\nVendor Specific SMART Attributes with Thresholds:\nID# ATTRIBUTE_NAME          FLAG     VALUE WORST THRESH TYPE      UPDATED  WHEN_FAILED RAW_VALUE\n  1 Raw_Read_Error_Rate     0x000f   083   064   044    Pre-fail  Always       -       0/208546128\n  3 Spin_Up_Time            0x0003   092   091   000    Pre-fail  Always       -       0\n  4 Start_Stop_Count        0x0032   100   100   020    Old_age   Always       -       31\n  5 Reallocated_Sector_Ct   0x0033   100   100   010    Pre-fail  Always       -       0\n  7 Seek_Error_Rate         0x000f   075   060   045    Pre-fail  Always       -       0/29369841\n  9 Power_On_Hours          0x0032   094   094   000    Old_age   Always       -       5917\n 10 Spin_Retry_Count        0x0013   100   100   097    Pre-fail  Always       -       0\n 12 Power_Cycle_Count       0x0032   100   100   020    Old_age   Always       -       31\n 18 Head_Health             0x000b   100   100   050    Pre-fail  Always       -       0\n187 Reported_Uncorrect      0x0032   100   100   000    Old_age   Always       -       0\n188 Command_Timeout         0x0032   100   100   000    Old_age   Always       -       0 0 0\n190 Airflow_Temperature_Cel 0x0022   054   049   000    Old_age   Always       -       46 (Min/Max 40/51)\n192 Power-Off_Retract_Count 0x0032   100   100   000    Old_age   Always       -       9\n193 Load_Cycle_Count        0x0032   094   094   000    Old_age   Always       -       12647\n194 Temperature_Celsius     0x0022   046   051   000    Old_age   Always       -       46 (0 21 0 0 0)\n197 Current_Pending_Sector  0x0012   100   100   000    Old_age   Always       -       0\n198 Offline_Uncorrectable   0x0010   100   100   000    Old_age   Offline      -       0\n199 UDMA_CRC_Error_Count    0x003e   200   200   000    Old_age   Always       -       0\n200 Pressure_Limit          0x0023   100   100   001    Pre-fail  Always       -       0\n240 Head_Flying_Hours       0x0000   100   100   000    Old_age   Offline      -       865h+51m+21.917s\n241 Total_LBAs_Written      0x0000   100   253   000    Old_age   Offline      -       16587804944\n242 Total_LBAs_Read         0x0000   100   253   000    Old_age   Offline      -       30024070064\n\nSMART Error Log Version: 1\nNo Errors Logged\n\nSMART Self-test log structure revision number 1\nNo self-tests have been logged.  [To run self-tests, use: smartctl -t]\n\nSMART Selective self-test log data structure revision number 1\n SPAN  MIN_LBA  MAX_LBA  CURRENT_TEST_STATUS\n    1        0        0  Not_testing\n    2        0        0  Not_testing\n    3        0        0  Not_testing\n    4        0        0  Not_testing\n    5        0        0  Not_testing\nSelective self-test flags (0x0):\n  After scanning selected spans, do NOT read-scan remainder of disk.\nIf Selective self-test is pending on power-up, resume after 0 minute delay.\n\nThe above only provides legacy SMART information - try 'smartctl -x' for more\n\n=== SMART Data for /dev/sdd ===\nsmartctl 7.5 2025-04-30 r5714 [x86_64-linux-6.15.9-arch1-1] (local build)\nCopyright (C) 2002-25, Bruce Allen, Christian Franke, www.smartmontools.org\n\n=== START OF INFORMATION SECTION ===\nModel Family:     Seagate Exos X18\nDevice Model:     ST18000NM000J-2TV103\nSerial Number:    ZR5FNTBE\nLU WWN Device Id: 5 000c50 0e94e2c3d\nFirmware Version: SN04\nUser Capacity:    18,000,207,937,536 bytes [18.0 TB]\nSector Sizes:     512 bytes logical, 4096 bytes physical\nRotation Rate:    7200 rpm\nForm Factor:      3.5 inches\nDevice is:        In smartctl database 7.5/5706\nATA Version is:   ACS-4 (minor revision not indicated)\nSATA Version is:  SATA 3.3, 6.0 Gb/s (current: 6.0 Gb/s)\nLocal Time is:    Mon Aug  4 21:10:15 2025 PDT\nSMART support is: Available - device has SMART capability.\nSMART support is: Enabled\n\n=== START OF READ SMART DATA SECTION ===\nSMART overall-health self-assessment test result: PASSED\n\nGeneral SMART Values:\nOffline data collection status:  (0x82)\tOffline data collection activity\n\t\t\t\t\twas completed without error.\n\t\t\t\t\tAuto Offline Data Collection: Enabled.\nSelf-test execution status:      (   0)\tThe previous self-test routine completed\n\t\t\t\t\twithout error or no self-test has ever \n\t\t\t\t\tbeen run.\nTotal time to complete Offline \ndata collection: \t\t(  559) seconds.\nOffline data collection\ncapabilities: \t\t\t (0x7b) SMART execute Offline immediate.\n\t\t\t\t\tAuto Offline data collection on/off support.\n\t\t\t\t\tSuspend Offline collection upon new\n\t\t\t\t\tcommand.\n\t\t\t\t\tOffline surface scan supported.\n\t\t\t\t\tSelf-test supported.\n\t\t\t\t\tConveyance Self-test supported.\n\t\t\t\t\tSelective Self-test supported.\nSMART capabilities:            (0x0003)\tSaves SMART data before entering\n\t\t\t\t\tpower-saving mode.\n\t\t\t\t\tSupports SMART auto save timer.\nError logging capability:        (0x01)\tError logging supported.\n\t\t\t\t\tGeneral Purpose Logging supported.\nShort self-test routine \nrecommended polling time: \t (   1) minutes.\nExtended self-test routine\nrecommended polling time: \t (1535) minutes.\nConveyance self-test routine\nrecommended polling time: \t (   2) minutes.\nSCT capabilities: \t       (0x70bd)\tSCT Status supported.\n\t\t\t\t\tSCT Error Recovery Control supported.\n\t\t\t\t\tSCT Feature Control supported.\n\t\t\t\t\tSCT Data Table supported.\n\nSMART Attributes Data Structure revision number: 10\nVendor Specific SMART Attributes with Thresholds:\nID# ATTRIBUTE_NAME          FLAG     VALUE WORST THRESH TYPE      UPDATED  WHEN_FAILED RAW_VALUE\n  1 Raw_Read_Error_Rate     0x000f   080   064   044    Pre-fail  Always       -       0/91576480\n  3 Spin_Up_Time            0x0003   092   091   000    Pre-fail  Always       -       0\n  4 Start_Stop_Count        0x0032   100   100   020    Old_age   Always       -       31\n  5 Reallocated_Sector_Ct   0x0033   100   100   010    Pre-fail  Always       -       0\n  7 Seek_Error_Rate         0x000f   072   060   045    Pre-fail  Always       -       0/17361225\n  9 Power_On_Hours          0x0032   094   094   000    Old_age   Always       -       5917\n 10 Spin_Retry_Count        0x0013   100   100   097    Pre-fail  Always       -       0\n 12 Power_Cycle_Count       0x0032   100   100   020    Old_age   Always       -       31\n 18 Head_Health             0x000b   100   100   050    Pre-fail  Always       -       0\n187 Reported_Uncorrect      0x0032   100   100   000    Old_age   Always       -       0\n188 Command_Timeout         0x0032   100   100   000    Old_age   Always       -       0 0 0\n190 Airflow_Temperature_Cel 0x0022   057   052   000    Old_age   Always       -       43 (Min/Max 40/48)\n192 Power-Off_Retract_Count 0x0032   100   100   000    Old_age   Always       -       10\n193 Load_Cycle_Count        0x0032   094   094   000    Old_age   Always       -       13384\n194 Temperature_Celsius     0x0022   043   048   000    Old_age   Always       -       43 (0 21 0 0 0)\n197 Current_Pending_Sector  0x0012   100   100   000    Old_age   Always       -       0\n198 Offline_Uncorrectable   0x0010   100   100   000    Old_age   Offline      -       0\n199 UDMA_CRC_Error_Count    0x003e   200   200   000    Old_age   Always       -       0\n200 Pressure_Limit          0x0023   100   100   001    Pre-fail  Always       -       0\n240 Head_Flying_Hours       0x0000   100   100   000    Old_age   Offline      -       782h+17m+51.216s\n241 Total_LBAs_Written      0x0000   100   253   000    Old_age   Offline      -       16919115144\n242 Total_LBAs_Read         0x0000   100   253   000    Old_age   Offline      -       30563765440\n\nSMART Error Log Version: 1\nNo Errors Logged\n\nSMART Self-test log structure revision number 1\nNo self-tests have been logged.  [To run self-tests, use: smartctl -t]\n\nSMART Selective self-test log data structure revision number 1\n SPAN  MIN_LBA  MAX_LBA  CURRENT_TEST_STATUS\n    1        0        0  Not_testing\n    2        0        0  Not_testing\n    3        0        0  Not_testing\n    4        0        0  Not_testing\n    5        0        0  Not_testing\nSelective self-test flags (0x0):\n  After scanning selected spans, do NOT read-scan remainder of disk.\nIf Selective self-test is pending on power-up, resume after 0 minute delay.\n\nThe above only provides legacy SMART information - try 'smartctl -x' for more\n\n=== SMART Data for /dev/sde ===\nsmartctl 7.5 2025-04-30 r5714 [x86_64-linux-6.15.9-arch1-1] (local build)\nCopyright (C) 2002-25, Bruce Allen, Christian Franke, www.smartmontools.org\n\n=== START OF INFORMATION SECTION ===\nModel Family:     Seagate Exos X18\nDevice Model:     ST18000NM000J-2TV103\nSerial Number:    ZR502XNZ\nLU WWN Device Id: 5 000c50 0c7e9374b\nFirmware Version: SN01\nUser Capacity:    18,000,207,937,536 bytes [18.0 TB]\nSector Sizes:     512 bytes logical, 4096 bytes physical\nRotation Rate:    7200 rpm\nForm Factor:      3.5 inches\nDevice is:        In smartctl database 7.5/5706\nATA Version is:   ACS-4 (minor revision not indicated)\nSATA Version is:  SATA 3.3, 6.0 Gb/s (current: 6.0 Gb/s)\nLocal Time is:    Mon Aug  4 21:10:15 2025 PDT\nSMART support is: Available - device has SMART capability.\nSMART support is: Enabled\n\n=== START OF READ SMART DATA SECTION ===\nSMART overall-health self-assessment test result: PASSED\n\nGeneral SMART Values:\nOffline data collection status:  (0x82)\tOffline data collection activity\n\t\t\t\t\twas completed without error.\n\t\t\t\t\tAuto Offline Data Collection: Enabled.\nSelf-test execution status:      (   0)\tThe previous self-test routine completed\n\t\t\t\t\twithout error or no self-test has ever \n\t\t\t\t\tbeen run.\nTotal time to complete Offline \ndata collection: \t\t(  559) seconds.\nOffline data collection\ncapabilities: \t\t\t (0x7b) SMART execute Offline immediate.\n\t\t\t\t\tAuto Offline data collection on/off support.\n\t\t\t\t\tSuspend Offline collection upon new\n\t\t\t\t\tcommand.\n\t\t\t\t\tOffline surface scan supported.\n\t\t\t\t\tSelf-test supported.\n\t\t\t\t\tConveyance Self-test supported.\n\t\t\t\t\tSelective Self-test supported.\nSMART capabilities:            (0x0003)\tSaves SMART data before entering\n\t\t\t\t\tpower-saving mode.\n\t\t\t\t\tSupports SMART auto save timer.\nError logging capability:        (0x01)\tError logging supported.\n\t\t\t\t\tGeneral Purpose Logging supported.\nShort self-test routine \nrecommended polling time: \t (   1) minutes.\nExtended self-test routine\nrecommended polling time: \t (1543) minutes.\nConveyance self-test routine\nrecommended polling time: \t (   2) minutes.\nSCT capabilities: \t       (0x70bd)\tSCT Status supported.\n\t\t\t\t\tSCT Error Recovery Control supported.\n\t\t\t\t\tSCT Feature Control supported.\n\t\t\t\t\tSCT Data Table supported.\n\nSMART Attributes Data Structure revision number: 10\nVendor Specific SMART Attributes with Thresholds:\nID# ATTRIBUTE_NAME          FLAG     VALUE WORST THRESH TYPE      UPDATED  WHEN_FAILED RAW_VALUE\n  1 Raw_Read_Error_Rate     0x000f   084   064   044    Pre-fail  Always       -       0/232175461\n  3 Spin_Up_Time            0x0003   092   091   000    Pre-fail  Always       -       0\n  4 Start_Stop_Count        0x0032   100   100   020    Old_age   Always       -       179\n  5 Reallocated_Sector_Ct   0x0033   100   100   010    Pre-fail  Always       -       0\n  7 Seek_Error_Rate         0x000f   078   060   045    Pre-fail  Always       -       0/66696416\n  9 Power_On_Hours          0x0032   058   058   000    Old_age   Always       -       37443\n 10 Spin_Retry_Count        0x0013   100   100   097    Pre-fail  Always       -       0\n 12 Power_Cycle_Count       0x0032   100   100   020    Old_age   Always       -       180\n 18 Head_Health             0x000b   100   100   050    Pre-fail  Always       -       0\n187 Reported_Uncorrect      0x0032   100   100   000    Old_age   Always       -       0\n188 Command_Timeout         0x0032   100   100   000    Old_age   Always       -       0 0 0\n190 Airflow_Temperature_Cel 0x0022   058   050   000    Old_age   Always       -       42 (Min/Max 39/46)\n192 Power-Off_Retract_Count 0x0032   100   100   000    Old_age   Always       -       91\n193 Load_Cycle_Count        0x0032   056   056   000    Old_age   Always       -       89932\n194 Temperature_Celsius     0x0022   042   050   000    Old_age   Always       -       42 (0 21 0 0 0)\n197 Current_Pending_Sector  0x0012   100   100   000    Old_age   Always       -       0\n198 Offline_Uncorrectable   0x0010   100   100   000    Old_age   Offline      -       0\n199 UDMA_CRC_Error_Count    0x003e   200   200   000    Old_age   Always       -       0\n200 Pressure_Limit          0x0023   100   100   001    Pre-fail  Always       -       0\n240 Head_Flying_Hours       0x0000   100   253   000    Old_age   Offline      -       1468h+02m+59.236s\n241 Total_LBAs_Written      0x0000   100   253   000    Old_age   Offline      -       42150318248\n242 Total_LBAs_Read         0x0000   100   253   000    Old_age   Offline      -       787155423328\n\nSMART Error Log Version: 1\nNo Errors Logged\n\nSMART Self-test log structure revision number 1\nNum  Test_Description    Status                  Remaining  LifeTime(hours)  LBA_of_first_error\n# 1  Short offline       Completed without error       00%     31339         -\n\nSMART Selective self-test log data structure revision number 1\n SPAN  MIN_LBA  MAX_LBA  CURRENT_TEST_STATUS\n    1        0        0  Not_testing\n    2        0        0  Not_testing\n    3        0        0  Not_testing\n    4        0        0  Not_testing\n    5        0        0  Not_testing\nSelective self-test flags (0x0):\n  After scanning selected spans, do NOT read-scan remainder of disk.\nIf Selective self-test is pending on power-up, resume after 0 minute delay.\n\nThe above only provides legacy SMART information - try 'smartctl -x' for more\n\n=== SMART Data for /dev/sdf ===\nsmartctl 7.5 2025-04-30 r5714 [x86_64-linux-6.15.9-arch1-1] (local build)\nCopyright (C) 2002-25, Bruce Allen, Christian Franke, www.smartmontools.org\n\n=== START OF INFORMATION SECTION ===\nModel Family:     Seagate Exos X18\nDevice Model:     ST18000NM000J-2TV103\nSerial Number:    ZR50388Y\nLU WWN Device Id: 5 000c50 0c6b8a1d6\nFirmware Version: SN01\nUser Capacity:    18,000,207,937,536 bytes [18.0 TB]\nSector Sizes:     512 bytes logical, 4096 bytes physical\nRotation Rate:    7200 rpm\nForm Factor:      3.5 inches\nDevice is:        In smartctl database 7.5/5706\nATA Version is:   ACS-4 (minor revision not indicated)\nSATA Version is:  SATA 3.3, 6.0 Gb/s (current: 6.0 Gb/s)\nLocal Time is:    Mon Aug  4 21:10:15 2025 PDT\nSMART support is: Available - device has SMART capability.\nSMART support is: Enabled\n\n=== START OF READ SMART DATA SECTION ===\nSMART overall-health self-assessment test result: PASSED\n\nGeneral SMART Values:\nOffline data collection status:  (0x82)\tOffline data collection activity\n\t\t\t\t\twas completed without error.\n\t\t\t\t\tAuto Offline Data Collection: Enabled.\nSelf-test execution status:      (   0)\tThe previous self-test routine completed\n\t\t\t\t\twithout error or no self-test has ever \n\t\t\t\t\tbeen run.\nTotal time to complete Offline \ndata collection: \t\t(  559) seconds.\nOffline data collection\ncapabilities: \t\t\t (0x7b) SMART execute Offline immediate.\n\t\t\t\t\tAuto Offline data collection on/off support.\n\t\t\t\t\tSuspend Offline collection upon new\n\t\t\t\t\tcommand.\n\t\t\t\t\tOffline surface scan supported.\n\t\t\t\t\tSelf-test supported.\n\t\t\t\t\tConveyance Self-test supported.\n\t\t\t\t\tSelective Self-test supported.\nSMART capabilities:            (0x0003)\tSaves SMART data before entering\n\t\t\t\t\tpower-saving mode.\n\t\t\t\t\tSupports SMART auto save timer.\nError logging capability:        (0x01)\tError logging supported.\n\t\t\t\t\tGeneral Purpose Logging supported.\nShort self-test routine \nrecommended polling time: \t (   1) minutes.\nExtended self-test routine\nrecommended polling time: \t (1553) minutes.\nConveyance self-test routine\nrecommended polling time: \t (   2) minutes.\nSCT capabilities: \t       (0x70bd)\tSCT Status supported.\n\t\t\t\t\tSCT Error Recovery Control supported.\n\t\t\t\t\tSCT Feature Control supported.\n\t\t\t\t\tSCT Data Table supported.\n\nSMART Attributes Data Structure revision number: 10\nVendor Specific SMART Attributes with Thresholds:\nID# ATTRIBUTE_NAME          FLAG     VALUE WORST THRESH TYPE      UPDATED  WHEN_FAILED RAW_VALUE\n  1 Raw_Read_Error_Rate     0x000f   072   064   044    Pre-fail  Always       -       0/14579720\n  3 Spin_Up_Time            0x0003   092   091   000    Pre-fail  Always       -       0\n  4 Start_Stop_Count        0x0032   100   100   020    Old_age   Always       -       180\n  5 Reallocated_Sector_Ct   0x0033   100   100   010    Pre-fail  Always       -       0\n  7 Seek_Error_Rate         0x000f   078   060   045    Pre-fail  Always       -       0/68789845\n  9 Power_On_Hours          0x0032   058   058   000    Old_age   Always       -       37444\n 10 Spin_Retry_Count        0x0013   100   100   097    Pre-fail  Always       -       0\n 12 Power_Cycle_Count       0x0032   100   100   020    Old_age   Always       -       181\n 18 Head_Health             0x000b   100   100   050    Pre-fail  Always       -       0\n187 Reported_Uncorrect      0x0032   100   100   000    Old_age   Always       -       0\n188 Command_Timeout         0x0032   100   100   000    Old_age   Always       -       0 0 0\n190 Airflow_Temperature_Cel 0x0022   060   049   000    Old_age   Always       -       40 (Min/Max 36/43)\n192 Power-Off_Retract_Count 0x0032   100   100   000    Old_age   Always       -       92\n193 Load_Cycle_Count        0x0032   055   055   000    Old_age   Always       -       90733\n194 Temperature_Celsius     0x0022   040   050   000    Old_age   Always       -       40 (0 21 0 0 0)\n197 Current_Pending_Sector  0x0012   100   100   000    Old_age   Always       -       0\n198 Offline_Uncorrectable   0x0010   100   100   000    Old_age   Offline      -       0\n199 UDMA_CRC_Error_Count    0x003e   200   200   000    Old_age   Always       -       0\n200 Pressure_Limit          0x0023   100   100   001    Pre-fail  Always       -       0\n240 Head_Flying_Hours       0x0000   100   253   000    Old_age   Offline      -       1618h+39m+01.138s\n241 Total_LBAs_Written      0x0000   100   253   000    Old_age   Offline      -       41309053112\n242 Total_LBAs_Read         0x0000   100   253   000    Old_age   Offline      -       885763939865\n\nSMART Error Log Version: 1\nNo Errors Logged\n\nSMART Self-test log structure revision number 1\nNo self-tests have been logged.  [To run self-tests, use: smartctl -t]\n\nSMART Selective self-test log data structure revision number 1\n SPAN  MIN_LBA  MAX_LBA  CURRENT_TEST_STATUS\n    1        0        0  Not_testing\n    2        0        0  Not_testing\n    3        0        0  Not_testing\n    4        0        0  Not_testing\n    5        0        0  Not_testing\nSelective self-test flags (0x0):\n  After scanning selected spans, do NOT read-scan remainder of disk.\nIf Selective self-test is pending on power-up, resume after 0 minute delay.\n\nThe above only provides legacy SMART information - try 'smartctl -x' for more\n\n=== SMART Data for /dev/sdg ===\nsmartctl 7.5 2025-04-30 r5714 [x86_64-linux-6.15.9-arch1-1] (local build)\nCopyright (C) 2002-25, Bruce Allen, Christian Franke, www.smartmontools.org\n\n=== START OF INFORMATION SECTION ===\nModel Family:     Seagate Exos X18\nDevice Model:     ST18000NM000J-2TV103\nSerial Number:    ZR502VTY\nLU WWN Device Id: 5 000c50 0c8876a5c\nFirmware Version: SN01\nUser Capacity:    18,000,207,937,536 bytes [18.0 TB]\nSector Sizes:     512 bytes logical, 4096 bytes physical\nRotation Rate:    7200 rpm\nForm Factor:      3.5 inches\nDevice is:        In smartctl database 7.5/5706\nATA Version is:   ACS-4 (minor revision not indicated)\nSATA Version is:  SATA 3.3, 6.0 Gb/s (current: 6.0 Gb/s)\nLocal Time is:    Mon Aug  4 21:10:16 2025 PDT\nSMART support is: Available - device has SMART capability.\nSMART support is: Enabled\n\n=== START OF READ SMART DATA SECTION ===\nSMART overall-health self-assessment test result: PASSED\n\nGeneral SMART Values:\nOffline data collection status:  (0x82)\tOffline data collection activity\n\t\t\t\t\twas completed without error.\n\t\t\t\t\tAuto Offline Data Collection: Enabled.\nSelf-test execution status:      (   0)\tThe previous self-test routine completed\n\t\t\t\t\twithout error or no self-test has ever \n\t\t\t\t\tbeen run.\nTotal time to complete Offline \ndata collection: \t\t(  559) seconds.\nOffline data collection\ncapabilities: \t\t\t (0x7b) SMART execute Offline immediate.\n\t\t\t\t\tAuto Offline data collection on/off support.\n\t\t\t\t\tSuspend Offline collection upon new\n\t\t\t\t\tcommand.\n\t\t\t\t\tOffline surface scan supported.\n\t\t\t\t\tSelf-test supported.\n\t\t\t\t\tConveyance Self-test supported.\n\t\t\t\t\tSelective Self-test supported.\nSMART capabilities:            (0x0003)\tSaves SMART data before entering\n\t\t\t\t\tpower-saving mode.\n\t\t\t\t\tSupports SMART auto save timer.\nError logging capability:        (0x01)\tError logging supported.\n\t\t\t\t\tGeneral Purpose Logging supported.\nShort self-test routine \nrecommended polling time: \t (   1) minutes.\nExtended self-test routine\nrecommended polling time: \t (1542) minutes.\nConveyance self-test routine\nrecommended polling time: \t (   2) minutes.\nSCT capabilities: \t       (0x70bd)\tSCT Status supported.\n\t\t\t\t\tSCT Error Recovery Control supported.\n\t\t\t\t\tSCT Feature Control supported.\n\t\t\t\t\tSCT Data Table supported.\n\nSMART Attributes Data Structure revision number: 10\nVendor Specific SMART Attributes with Thresholds:\nID# ATTRIBUTE_NAME          FLAG     VALUE WORST THRESH TYPE      UPDATED  WHEN_FAILED RAW_VALUE\n  1 Raw_Read_Error_Rate     0x000f   083   064   044    Pre-fail  Always       -       0/187924456\n  3 Spin_Up_Time            0x0003   092   091   000    Pre-fail  Always       -       0\n  4 Start_Stop_Count        0x0032   100   100   020    Old_age   Always       -       179\n  5 Reallocated_Sector_Ct   0x0033   100   100   010    Pre-fail  Always       -       0\n  7 Seek_Error_Rate         0x000f   078   060   045    Pre-fail  Always       -       0/66262190\n  9 Power_On_Hours          0x0032   058   058   000    Old_age   Always       -       37443\n 10 Spin_Retry_Count        0x0013   100   100   097    Pre-fail  Always       -       0\n 12 Power_Cycle_Count       0x0032   100   100   020    Old_age   Always       -       180\n 18 Head_Health             0x000b   100   100   050    Pre-fail  Always       -       0\n187 Reported_Uncorrect      0x0032   100   100   000    Old_age   Always       -       0\n188 Command_Timeout         0x0032   100   100   000    Old_age   Always       -       0 0 0\n190 Airflow_Temperature_Cel 0x0022   056   048   000    Old_age   Always       -       44 (Min/Max 40/49)\n192 Power-Off_Retract_Count 0x0032   100   100   000    Old_age   Always       -       93\n193 Load_Cycle_Count        0x0032   055   055   000    Old_age   Always       -       90375\n194 Temperature_Celsius     0x0022   044   049   000    Old_age   Always       -       44 (0 21 0 0 0)\n197 Current_Pending_Sector  0x0012   100   100   000    Old_age   Always       -       0\n198 Offline_Uncorrectable   0x0010   100   100   000    Old_age   Offline      -       0\n199 UDMA_CRC_Error_Count    0x003e   200   200   000    Old_age   Always       -       0\n200 Pressure_Limit          0x0023   100   100   001    Pre-fail  Always       -       0\n240 Head_Flying_Hours       0x0000   100   253   000    Old_age   Offline      -       1581h+28m+30.775s\n241 Total_LBAs_Written      0x0000   100   253   000    Old_age   Offline      -       41432413592\n242 Total_LBAs_Read         0x0000   100   253   000    Old_age   Offline      -       848341684805\n\nSMART Error Log Version: 1\nNo Errors Logged\n\nSMART Self-test log structure revision number 1\nNo self-tests have been logged.  [To run self-tests, use: smartctl -t]\n\nSMART Selective self-test log data structure revision number 1\n SPAN  MIN_LBA  MAX_LBA  CURRENT_TEST_STATUS\n    1        0        0  Not_testing\n    2        0        0  Not_testing\n    3        0        0  Not_testing\n    4        0        0  Not_testing\n    5        0        0  Not_testing\nSelective self-test flags (0x0):\n  After scanning selected spans, do NOT read-scan remainder of disk.\nIf Selective self-test is pending on power-up, resume after 0 minute delay.\n\nThe above only provides legacy SMART information - try 'smartctl -x' for more\n\n=== SMART Data for /dev/sdh ===\nsmartctl 7.5 2025-04-30 r5714 [x86_64-linux-6.15.9-arch1-1] (local build)\nCopyright (C) 2002-25, Bruce Allen, Christian Franke, www.smartmontools.org\n\n=== START OF INFORMATION SECTION ===\nModel Family:     Seagate Exos X18\nDevice Model:     ST18000NM000J-2TV103\nSerial Number:    ZR508SWE\nLU WWN Device Id: 5 000c50 0c7b94735\nFirmware Version: SN01\nUser Capacity:    18,000,207,937,536 bytes [18.0 TB]\nSector Sizes:     512 bytes logical, 4096 bytes physical\nRotation Rate:    7200 rpm\nForm Factor:      3.5 inches\nDevice is:        In smartctl database 7.5/5706\nATA Version is:   ACS-4 (minor revision not indicated)\nSATA Version is:  SATA 3.3, 6.0 Gb/s (current: 6.0 Gb/s)\nLocal Time is:    Mon Aug  4 21:10:16 2025 PDT\nSMART support is: Available - device has SMART capability.\nSMART support is: Enabled\n\n=== START OF READ SMART DATA SECTION ===\nSMART overall-health self-assessment test result: PASSED\n\nGeneral SMART Values:\nOffline data collection status:  (0x82)\tOffline data collection activity\n\t\t\t\t\twas completed without error.\n\t\t\t\t\tAuto Offline Data Collection: Enabled.\nSelf-test execution status:      (   0)\tThe previous self-test routine completed\n\t\t\t\t\twithout error or no self-test has ever \n\t\t\t\t\tbeen run.\nTotal time to complete Offline \ndata collection: \t\t(  559) seconds.\nOffline data collection\ncapabilities: \t\t\t (0x7b) SMART execute Offline immediate.\n\t\t\t\t\tAuto Offline data collection on/off support.\n\t\t\t\t\tSuspend Offline collection upon new\n\t\t\t\t\tcommand.\n\t\t\t\t\tOffline surface scan supported.\n\t\t\t\t\tSelf-test supported.\n\t\t\t\t\tConveyance Self-test supported.\n\t\t\t\t\tSelective Self-test supported.\nSMART capabilities:            (0x0003)\tSaves SMART data before entering\n\t\t\t\t\tpower-saving mode.\n\t\t\t\t\tSupports SMART auto save timer.\nError logging capability:        (0x01)\tError logging supported.\n\t\t\t\t\tGeneral Purpose Logging supported.\nShort self-test routine \nrecommended polling time: \t (   1) minutes.\nExtended self-test routine\nrecommended polling time: \t (1500) minutes.\nConveyance self-test routine\nrecommended polling time: \t (   2) minutes.\nSCT capabilities: \t       (0x70bd)\tSCT Status supported.\n\t\t\t\t\tSCT Error Recovery Control supported.\n\t\t\t\t\tSCT Feature Control supported.\n\t\t\t\t\tSCT Data Table supported.\n\nSMART Attributes Data Structure revision number: 10\nVendor Specific SMART Attributes with Thresholds:\nID# ATTRIBUTE_NAME          FLAG     VALUE WORST THRESH TYPE      UPDATED  WHEN_FAILED RAW_VALUE\n  1 Raw_Read_Error_Rate     0x000f   082   064   044    Pre-fail  Always       -       0/170919791\n  3 Spin_Up_Time            0x0003   092   091   000    Pre-fail  Always       -       0\n  4 Start_Stop_Count        0x0032   100   100   020    Old_age   Always       -       181\n  5 Reallocated_Sector_Ct   0x0033   100   100   010    Pre-fail  Always       -       0\n  7 Seek_Error_Rate         0x000f   078   060   045    Pre-fail  Always       -       0/63136150\n  9 Power_On_Hours          0x0032   058   058   000    Old_age   Always       -       37444\n 10 Spin_Retry_Count        0x0013   100   100   097    Pre-fail  Always       -       0\n 12 Power_Cycle_Count       0x0032   100   100   020    Old_age   Always       -       181\n 18 Head_Health             0x000b   100   100   050    Pre-fail  Always       -       0\n187 Reported_Uncorrect      0x0032   100   100   000    Old_age   Always       -       0\n188 Command_Timeout         0x0032   100   100   000    Old_age   Always       -       0 0 0\n190 Airflow_Temperature_Cel 0x0022   056   049   000    Old_age   Always       -       44 (Min/Max 41/50)\n192 Power-Off_Retract_Count 0x0032   100   100   000    Old_age   Always       -       92\n193 Load_Cycle_Count        0x0032   055   055   000    Old_age   Always       -       91036\n194 Temperature_Celsius     0x0022   044   050   000    Old_age   Always       -       44 (0 21 0 0 0)\n197 Current_Pending_Sector  0x0012   100   100   000    Old_age   Always       -       0\n198 Offline_Uncorrectable   0x0010   100   100   000    Old_age   Offline      -       0\n199 UDMA_CRC_Error_Count    0x003e   200   200   000    Old_age   Always       -       0\n200 Pressure_Limit          0x0023   100   100   001    Pre-fail  Always       -       0\n240 Head_Flying_Hours       0x0000   100   253   000    Old_age   Offline      -       1681h+12m+03.617s\n241 Total_LBAs_Written      0x0000   100   253   000    Old_age   Offline      -       41980095720\n242 Total_LBAs_Read         0x0000   100   253   000    Old_age   Offline      -       1049823589644\n\nSMART Error Log Version: 1\nNo Errors Logged\n\nSMART Self-test log structure revision number 1\nNo self-tests have been logged.  [To run self-tests, use: smartctl -t]\n\nSMART Selective self-test log data structure revision number 1\n SPAN  MIN_LBA  MAX_LBA  CURRENT_TEST_STATUS\n    1        0        0  Not_testing\n    2        0        0  Not_testing\n    3        0        0  Not_testing\n    4        0        0  Not_testing\n    5        0        0  Not_testing\nSelective self-test flags (0x0):\n  After scanning selected spans, do NOT read-scan remainder of disk.\nIf Selective self-test is pending on power-up, resume after 0 minute delay.\n\nThe above only provides legacy SMART information - try 'smartctl -x' for more\n\n"
  },
  "network": {
    "interfaces": "1: lo: <LOOPBACK,UP,LOWER_UP> mtu 65536 qdisc noqueue state UNKNOWN group default qlen 1000\n    link/loopback 00:00:00:00:00:00 brd 00:00:00:00:00:00\n    inet 127.0.0.1/8 scope host lo\n       valid_lft forever preferred_lft forever\n    inet6 ::1/128 scope host noprefixroute \n       valid_lft forever preferred_lft forever\n2: enp6s0: <BROADCAST,MULTICAST,UP,LOWER_UP> mtu 1500 qdisc mq state UP group default qlen 1000\n    link/ether a8:a1:59:c2:15:70 brd ff:ff:ff:ff:ff:ff\n    altname enxa8a159c21570\n    inet 192.168.1.7/24 brd 192.168.1.255 scope global dynamic noprefixroute enp6s0\n       valid_lft 62641sec preferred_lft 62641sec\n    inet6 fd5a:906e:59c9:74d3:8a66:18c7:a58b:1f83/64 scope global dynamic noprefixroute \n       valid_lft 1675sec preferred_lft 1675sec\n    inet6 fe80::dfc8:a5c8:bf7f:91cb/64 scope link noprefixroute \n       valid_lft forever preferred_lft forever\n3: enp7s0: <NO-CARRIER,BROADCAST,MULTICAST,UP> mtu 1500 qdisc mq state DOWN group default qlen 1000\n    link/ether a8:a1:59:c2:15:71 brd ff:ff:ff:ff:ff:ff\n    altname enxa8a159c21571\n4: br-548ae5794736: <NO-CARRIER,BROADCAST,MULTICAST,UP> mtu 1500 qdisc noqueue state DOWN group default \n    link/ether 12:08:69:90:c8:72 brd ff:ff:ff:ff:ff:ff\n    inet 172.19.0.1/16 brd 172.19.255.255 scope global br-548ae5794736\n       valid_lft forever preferred_lft forever\n5: docker0: <NO-CARRIER,BROADCAST,MULTICAST,UP> mtu 1500 qdisc noqueue state DOWN group default \n    link/ether 1a:6a:77:93:41:8d brd ff:ff:ff:ff:ff:ff\n    inet 172.17.0.1/16 brd 172.17.255.255 scope global docker0\n       valid_lft forever preferred_lft forever\n15: br-445fd2a5a612: <BROADCAST,MULTICAST,UP,LOWER_UP> mtu 1500 qdisc noqueue state UP group default \n    link/ether 76:af:2f:ed:e6:55 brd ff:ff:ff:ff:ff:ff\n    inet 172.18.0.1/16 brd 172.18.255.255 scope global br-445fd2a5a612\n       valid_lft forever preferred_lft forever\n    inet6 fe80::74af:2fff:feed:e655/64 scope link proto kernel_ll \n       valid_lft forever preferred_lft forever\n16: vethb5cf78b@if2: <BROADCAST,MULTICAST,UP,LOWER_UP> mtu 1500 qdisc noqueue master br-445fd2a5a612 state UP group default \n    link/ether 2e:e3:fc:4c:39:7e brd ff:ff:ff:ff:ff:ff link-netnsid 0\n    inet6 fe80::2ce3:fcff:fe4c:397e/64 scope link proto kernel_ll \n       valid_lft forever preferred_lft forever\n17: veth647e2e2@if2: <BROADCAST,MULTICAST,UP,LOWER_UP> mtu 1500 qdisc noqueue master br-445fd2a5a612 state UP group default \n    link/ether 7a:eb:e6:08:88:45 brd ff:ff:ff:ff:ff:ff link-netnsid 1\n    inet6 fe80::78eb:e6ff:fe08:8845/64 scope link proto kernel_ll \n       valid_lft forever preferred_lft forever\n18: veth97c68e3@if2: <BROADCAST,MULTICAST,UP,LOWER_UP> mtu 1500 qdisc noqueue master br-445fd2a5a612 state UP group default \n    link/ether 8e:39:2e:13:24:42 brd ff:ff:ff:ff:ff:ff link-netnsid 2\n    inet6 fe80::8c39:2eff:fe13:2442/64 scope link proto kernel_ll \n       valid_lft forever preferred_lft forever\n19: veth02a091a@if2: <BROADCAST,MULTICAST,UP,LOWER_UP> mtu 1500 qdisc noqueue master br-445fd2a5a612 state UP group default \n    link/ether 32:a4:fe:9e:18:63 brd ff:ff:ff:ff:ff:ff link-netnsid 3\n    inet6 fe80::30a4:feff:fe9e:1863/64 scope link proto kernel_ll \n       valid_lft forever preferred_lft forever\n",
    "routes": "default via 192.168.1.1 dev enp6s0 proto dhcp src 192.168.1.7 metric 100 \n172.17.0.0/16 dev docker0 proto kernel scope link src 172.17.0.1 linkdown \n172.18.0.0/16 dev br-445fd2a5a612 proto kernel scope link src 172.18.0.1 \n172.19.0.0/16 dev br-548ae5794736 proto kernel scope link src 172.19.0.1 linkdown \n192.168.1.0/24 dev enp6s0 proto kernel scope link src 192.168.1.7 metric 100 \n"
  }
}
